[0;32m  ✅ node — /c/Program Files/nodejs/node[0m
[0;32m  ✅ npm — /c/Program Files/nodejs/npm[0m
[0;32m  ✅ git — /mingw64/bin/git[0m
[0;32m  ✅ curl — /mingw64/bin/curl[0m
[0;32m  ✅ Node.js v25 ✓[0m
[0;32m  ✅ Vercel CLI — 50.43.0[0m
[0;36m[08:26:52][0m Added Scoop shims to PATH: /c/Users/Zwelakhe Msuthu/scoop/shims
[0;36m[08:26:52][0m Added Scoop shims to PATH: /c/Users/Zwelakhe Msuthu/scoop/shims
[0;36m[08:26:53][0m Found supabase.exe at: /c/Users/Zwelakhe Msuthu/scoop/apps/supabase/current/supabase.exe
[0;32m  ✅ Supabase CLI found — 2.84.2[0m
[0;32m  ✅ package.json found — correct directory[0m
[0;32m  ✅ All prerequisites satisfied[0m
[0;32m  ✅ Credentials collected[0m
[0;36m[08:31:31][0m Installing Supabase client and supporting packages...

up to date, audited 1040 packages in 8m

179 packages are looking for funding
  run `npm fund` for details

23 vulnerabilities (20 low, 1 moderate, 1 high, 1 critical)

To address all issues (including breaking changes), run:
  npm audit fix --force

Run `npm audit` for details.
[0;36m[08:39:43][0m Installing migration tools...

up to date, audited 1040 packages in 4m

179 packages are looking for funding
  run `npm fund` for details

23 vulnerabilities (20 low, 1 moderate, 1 high, 1 critical)

To address all issues (including breaking changes), run:
  npm audit fix --force

Run `npm audit` for details.
[0;32m  ✅ All packages installed[0m
[0;32m  ✅ Backed up existing .env.local[0m
[0;32m  ✅ Generated .env.local[0m
[0;32m  ✅ Schema SQL written to supabase/migrations/001_initial_schema.sql[0m
[0;36m[08:44:01][0m Applying schema to Supabase database...
[1;33m  ⚠️  psql not installed — apply schema manually:[0m
[0;36m[08:44:02][0m Creating Supabase Storage buckets via API...
[0;32m  ✅ Bucket: profile-pictures[0m
[0;32m  ✅ Bucket: content-files[0m
[0;32m  ✅ Bucket: signatures[0m
[0;32m  ✅ Supabase schema and storage ready[0m
[0;32m  ✅ All source files generated[0m
[0;36m[08:44:47][0m Running migration script...

🚀 EduAI Companion — Firestore → Supabase Migration

  Firebase:  studio-4710648038-f5ed1
  Supabase:  https://afzlhtwbtaidnktvgkys.supabase.co


  👤 Migrating users...
  ⚠️  users batch error: invalid input syntax for type uuid: "07HNkHw6QNVveAWT6g2VbqBxnZb2"
     ✅ 0 users migrated

  🏫 Migrating teachers...
  ⚠️  teachers batch error: invalid input syntax for type uuid: "07HNkHw6QNVveAWT6g2VbqBxnZb2"
     ✅ 0 teachers migrated

  🎒 Migrating learners...
  ⚠️  learners batch error: invalid input syntax for type uuid: "07HNkHw6QNVveAWT6g2VbqBxnZb2"
     ✅ 0 learners migrated

  👨‍👩‍👧 Migrating parents...
  ⚠️  parents batch error: invalid input syntax for type uuid: "07HNkHw6QNVveAWT6g2VbqBxnZb2"
     ✅ 0 parents migrated

  🏫 Migrating classes...
  ⚠️  classes batch error: invalid input syntax for type uuid: "wG0ck4V2DCQOWxrKWGbx"
     ✅ 0 classes migrated

  📄 Migrating content...
  ⚠️  content batch error: invalid input syntax for type uuid: "2KLrzz9ICsSvO3pGxtjj"
     ✅ 0 content items migrated

  📝 Migrating assignments...
  ⚠️  assignments batch error: invalid input syntax for type uuid: "wG0ck4V2DCQOWxrKWGbx"
     ✅ 0 assignments migrated

  💬 Migrating conversations + messages...
  ⚠️  conversations batch error: invalid input syntax for type uuid: "UU0gGYyW8WUv4GEwL6Eo"
  ⚠️  messages batch error: invalid input syntax for type uuid: "UU0gGYyW8WUv4GEwL6Eo"
     ✅ 0 conversations, 0 messages

  🤖 Migrating generated content (teacher archive)...
  ⚠️  generated_content batch error: invalid input syntax for type uuid: "1LoYpIPuOTkHrdLrTYVf"
     ✅ 0 generated content items

  🧠 Migrating AI chat history...
  ⚠️  ai_chat_messages batch error: invalid input syntax for type uuid: "FzXKjwwC9je3NR57g4pM"
     ✅ 0 chat messages

  📷 Migrating OCR uploads...
     ✅ 0 OCR uploads


📊 Migration Report
══════════════════════════════════════════
  Table                    Migrated  Errors
  ─────────────────────────────────────────
  users                          0   ⚠️  9 errors
  teachers                       0   ⚠️  7 errors
  learners                       0   ⚠️  5 errors
  parents                        0   ⚠️  1 errors
  classes                        0   ⚠️  1 errors
  content                        0   ⚠️  7 errors
  assignments                    0   ⚠️  21 errors
  conversations                  0   ⚠️  1 errors
  messages                       0   ⚠️  1 errors
  generated_content              0   ⚠️  7 errors
  ai_chat_messages               0   ⚠️  2 errors
  ocr_uploads                    0   ✅
══════════════════════════════════════════

  ✅ Complete in 42.1s

[0;32m  ✅ Data migration complete[0m
[0;32m  ✅ vercel.json created (region: cpt1 = Cape Town 🇿🇦)[0m
[1;33m  ⚠️  Skipping Vercel deploy. Run manually:[0m
[0;32m  ✅ Checklist written to POST_MIGRATION_CHECKLIST.md[0m
