[0;32m  ✅ node — /c/Program Files/nodejs/node[0m
[0;32m  ✅ npm — /c/Program Files/nodejs/npm[0m
[0;32m  ✅ git — /mingw64/bin/git[0m
[0;32m  ✅ curl — /mingw64/bin/curl[0m
[0;32m  ✅ Node.js v25 ✓[0m
[0;32m  ✅ Vercel CLI — 50.43.0[0m
[0;36m[06:11:05][0m Added Scoop shims to PATH: /c/Users/Zwelakhe Msuthu/scoop/shims
[0;36m[06:11:05][0m Added Scoop shims to PATH: /c/Users/Zwelakhe Msuthu/scoop/shims
[0;36m[06:11:06][0m Found supabase.exe at: /c/Users/Zwelakhe Msuthu/scoop/apps/supabase/current/supabase.exe
[0;32m  ✅ Supabase CLI found — 2.84.2[0m
[0;32m  ✅ package.json found — correct directory[0m
[0;32m  ✅ All prerequisites satisfied[0m
[0;32m  ✅ Credentials collected[0m
[0;36m[06:28:36][0m Installing Supabase client and supporting packages...

added 12 packages, changed 1 package, and audited 1033 packages in 8m

179 packages are looking for funding
  run `npm fund` for details

23 vulnerabilities (20 low, 1 moderate, 1 high, 1 critical)

To address all issues (including breaking changes), run:
  npm audit fix --force

Run `npm audit` for details.
[0;36m[06:36:49][0m Installing migration tools...

added 7 packages, changed 1 package, and audited 1040 packages in 5m

179 packages are looking for funding
  run `npm fund` for details

23 vulnerabilities (20 low, 1 moderate, 1 high, 1 critical)

To address all issues (including breaking changes), run:
  npm audit fix --force

Run `npm audit` for details.
[0;32m  ✅ All packages installed[0m
[0;32m  ✅ Generated .env.local[0m
[0;32m  ✅ Schema SQL written to supabase/migrations/001_initial_schema.sql[0m
[0;36m[06:42:35][0m Applying schema to Supabase database...
[1;33m  ⚠️  psql not installed — apply schema manually:[0m
[0;36m[08:25:28][0m Creating Supabase Storage buckets via API...
