[0;32m  ✅ node — /c/Program Files/nodejs/node[0m
[0;32m  ✅ npm — /c/Program Files/nodejs/npm[0m
[0;32m  ✅ git — /mingw64/bin/git[0m
[0;32m  ✅ curl — /mingw64/bin/curl[0m
[0;32m  ✅ Node.js v25 ✓[0m
[0;32m  ✅ Vercel CLI — 50.43.0[0m
[1;33m  ⚠️  Supabase CLI not found — installing now...[0m
npm warn deprecated node-domexception@1.0.0: Use your platform's native DOMException instead
npm warn cleanup Failed to remove some directories [
npm warn cleanup   [
npm warn cleanup     '\\\\?\\C:\\Users\\Zwelakhe Msuthu\\AppData\\Roaming\\npm\\node_modules\\supabase',
npm warn cleanup     [Error: EPERM: operation not permitted, rmdir 'C:\Users\Zwelakhe Msuthu\AppData\Roaming\npm\node_modules\supabase'] {
npm warn cleanup       errno: -4048,
npm warn cleanup       code: 'EPERM',
npm warn cleanup       syscall: 'rmdir',
npm warn cleanup       path: 'C:\\Users\\Zwelakhe Msuthu\\AppData\\Roaming\\npm\\node_modules\\supabase'
npm warn cleanup     }
npm warn cleanup   ]
npm warn cleanup ]
npm error code 1
npm error path C:\Users\Zwelakhe Msuthu\AppData\Roaming\npm\node_modules\supabase
npm error command failed
npm error command C:\WINDOWS\system32\cmd.exe /d /s /c node scripts/postinstall.js
npm error node:internal/modules/run_main:107
npm error     triggerUncaughtException(
npm error     ^
npm error Installing Supabase CLI as a global module is not supported.
npm error Please use one of the supported package managers: https://github.com/supabase/cli#install-the-cli
npm error
npm error (Use `node --trace-uncaught ...` to show where the exception was thrown)
npm error
npm error Node.js v25.3.0
npm error A complete log of this run can be found in: C:\Users\Zwelakhe Msuthu\AppData\Local\npm-cache\_logs\2026-04-11T01_52_53_699Z-debug-0.log
