[0;32m  ✅ node — /c/Program Files/nodejs/node[0m
[0;32m  ✅ npm — /c/Program Files/nodejs/npm[0m
[0;32m  ✅ git — /mingw64/bin/git[0m
[0;32m  ✅ curl — /mingw64/bin/curl[0m
[0;32m  ✅ Node.js v25 ✓[0m
[1;33m  ⚠️  Vercel CLI not found — installing now...[0m
npm warn EBADENGINE Unsupported engine {
npm warn EBADENGINE   package: '@renovatebot/pep440@4.2.1',
npm warn EBADENGINE   required: { node: '^20.9.0 || ^22.11.0 || ^24', pnpm: '^10.0.0' },
npm warn EBADENGINE   current: { node: 'v25.3.0', npm: '11.11.0' }
npm warn EBADENGINE }
npm warn deprecated tar@7.5.7: Old versions of tar are not supported, and contain widely publicized security vulnerabilities, which have been fixed in the current version. Please update. Support for old versions may be purchased (at exorbitant rates) by contacting i@izs.me

added 306 packages in 9m

36 packages are looking for funding
  run `npm fund` for details
[0;32m  ✅ Vercel CLI installed[0m
[1;33m  ⚠️  Supabase CLI not found — installing now...[0m
npm warn deprecated node-domexception@1.0.0: Use your platform's native DOMException instead
npm error code 1
npm error path C:\Users\Zwelakhe Msuthu\AppData\Roaming\npm\node_modules\supabase
npm error command failed
npm error command C:\WINDOWS\system32\cmd.exe /d /s /c node scripts/postinstall.js
npm error node:internal/modules/run_main:107
npm error     triggerUncaughtException(
npm error     ^
npm error Installing Supabase CLI as a global module is not supported.
npm error Please use one of the supported package managers: https://github.com/supabase/cli#install-the-cli
npm error
npm error (Use `node --trace-uncaught ...` to show where the exception was thrown)
npm error
npm error Node.js v25.3.0
npm error A complete log of this run can be found in: C:\Users\Zwelakhe Msuthu\AppData\Local\npm-cache\_logs\2026-04-11T00_54_46_661Z-debug-0.log
